#-----------------------------------------------------------
# Vivado v2023.1 (64-bit)
# SW Build 3865809 on Sun May  7 15:05:29 MDT 2023
# IP Build 3864474 on Sun May  7 20:36:21 MDT 2023
# SharedData Build 3865790 on Sun May 07 13:33:03 MDT 2023
# Start of session at: Sun Jan 14 23:46:50 2024
# Process ID: 12156
# Current directory: D:/AN_3/An3_sem1/SSC/impartitor_placuta
# Command line: vivado.exe -gui_launcher_event rodinguilauncherevent20716 D:\AN_3\An3_sem1\SSC\impartitor_placuta\impartitor_fp.xpr
# Log file: D:/AN_3/An3_sem1/SSC/impartitor_placuta/vivado.log
# Journal file: D:/AN_3/An3_sem1/SSC/impartitor_placuta\vivado.jou
# Running On: DESKTOP-94J4BL7, OS: Windows, CPU Frequency: 1190 MHz, CPU Physical cores: 4, Host memory: 8266 MB
#-----------------------------------------------------------
start_gui
open_project D:/AN_3/An3_sem1/SSC/impartitor_placuta/impartitor_fp.xpr
update_compile_order -fileset sources_1
launch_runs impl_1 -jobs 4
wait_on_run impl_1
launch_runs impl_1 -to_step write_bitstream -jobs 4
wait_on_run impl_1
open_hw_manager
